Component: ARM Compiler 5.06 update 7 (build 960) Tool: armlink [4d3601]

==============================================================================

Section Cross References

    startup_stm32f103xb.o(RESET) refers to startup_stm32f103xb.o(STACK) for __initial_sp
    startup_stm32f103xb.o(RESET) refers to startup_stm32f103xb.o(.text) for Reset_Handler
    startup_stm32f103xb.o(RESET) refers to stm32f1xx_it.o(i.NMI_Handler) for NMI_Handler
    startup_stm32f103xb.o(RESET) refers to stm32f1xx_it.o(i.HardFault_Handler) for HardFault_Handler
    startup_stm32f103xb.o(RESET) refers to stm32f1xx_it.o(i.MemManage_Handler) for MemManage_Handler
    startup_stm32f103xb.o(RESET) refers to stm32f1xx_it.o(i.BusFault_Handler) for BusFault_Handler
    startup_stm32f103xb.o(RESET) refers to stm32f1xx_it.o(i.UsageFault_Handler) for UsageFault_Handler
    startup_stm32f103xb.o(RESET) refers to stm32f1xx_it.o(i.SVC_Handler) for SVC_Handler
    startup_stm32f103xb.o(RESET) refers to stm32f1xx_it.o(i.DebugMon_Handler) for DebugMon_Handler
    startup_stm32f103xb.o(RESET) refers to stm32f1xx_it.o(i.PendSV_Handler) for PendSV_Handler
    startup_stm32f103xb.o(RESET) refers to stm32f1xx_it.o(i.SysTick_Handler) for SysTick_Handler
    startup_stm32f103xb.o(RESET) refers to stm32f1xx_it.o(i.USART1_IRQHandler) for USART1_IRQHandler
    startup_stm32f103xb.o(.text) refers to system_stm32f1xx.o(i.SystemInit) for SystemInit
    startup_stm32f103xb.o(.text) refers to entry.o(.ARM.Collect$$$$00000000) for __main
    main.o(i.MX_USART1_UART_Init) refers to memseta.o(.text) for __aeabi_memclr4
    main.o(i.MX_USART1_UART_Init) refers to main.o(i.LL_APB2_GRP1_EnableClock) for LL_APB2_GRP1_EnableClock
    main.o(i.MX_USART1_UART_Init) refers to stm32f1xx_ll_gpio.o(i.LL_GPIO_Init) for LL_GPIO_Init
    main.o(i.MX_USART1_UART_Init) refers to stm32f1xx_ll_usart.o(i.LL_USART_Init) for LL_USART_Init
    main.o(i.SystemClock_Config) refers to stm32f1xx_ll_utils.o(i.LL_Init1msTick) for LL_Init1msTick
    main.o(i.SystemClock_Config) refers to stm32f1xx_ll_utils.o(i.LL_SetSystemCoreClock) for LL_SetSystemCoreClock
    main.o(i.main) refers to main.o(i.LL_APB2_GRP1_EnableClock) for LL_APB2_GRP1_EnableClock
    main.o(i.main) refers to main.o(i.SystemClock_Config) for SystemClock_Config
    main.o(i.main) refers to main.o(i.MX_USART1_UART_Init) for MX_USART1_UART_Init
    main.o(i.main) refers to printf5.o(i.__0printf$5) for __2printf
    main.o(i.main) refers to stm32f1xx_ll_utils.o(i.LL_mDelay) for LL_mDelay
    main.o(i.stdin_getchar) refers to stm32f1xx_it.o(i.urat_getc) for urat_getc
    main.o(i.stdin_getchar) refers to main.o(i.send_uart) for send_uart
    main.o(i.stdout_putchar) refers to main.o(i.send_uart) for send_uart
    stm32f1xx_it.o(i.USART1_IRQHandler) refers to stm32f1xx_it.o(.data) for .data
    stm32f1xx_it.o(i.USART1_IRQHandler) refers to stm32f1xx_it.o(.bss) for .bss
    stm32f1xx_it.o(i.read_uart) refers to strcpy.o(.text) for strcpy
    stm32f1xx_it.o(i.read_uart) refers to memseta.o(.text) for __aeabi_memclr
    stm32f1xx_it.o(i.read_uart) refers to stm32f1xx_it.o(.bss) for .bss
    stm32f1xx_it.o(i.read_uart) refers to stm32f1xx_it.o(.data) for .data
    stm32f1xx_it.o(i.urat_getc) refers to stm32f1xx_it.o(.data) for .data
    stm32f1xx_it.o(i.urat_getc) refers to stm32f1xx_it.o(.bss) for .bss
    stm32f1xx_ll_gpio.o(i.LL_GPIO_DeInit) refers to stm32f1xx_ll_gpio.o(i.LL_APB2_GRP1_ForceReset) for LL_APB2_GRP1_ForceReset
    stm32f1xx_ll_gpio.o(i.LL_GPIO_DeInit) refers to stm32f1xx_ll_gpio.o(i.LL_APB2_GRP1_ReleaseReset) for LL_APB2_GRP1_ReleaseReset
    stm32f1xx_ll_usart.o(i.LL_USART_Init) refers to stm32f1xx_ll_rcc.o(i.LL_RCC_GetSystemClocksFreq) for LL_RCC_GetSystemClocksFreq
    stm32f1xx_ll_dma.o(i.LL_DMA_Init) refers to stm32f1xx_ll_dma.o(.constdata) for .constdata
    stm32f1xx_ll_rcc.o(i.LL_RCC_GetADCClockFreq) refers to stm32f1xx_ll_rcc.o(i.RCC_GetSystemClockFreq) for RCC_GetSystemClockFreq
    stm32f1xx_ll_rcc.o(i.LL_RCC_GetADCClockFreq) refers to stm32f1xx_ll_rcc.o(i.RCC_GetHCLKClockFreq) for RCC_GetHCLKClockFreq
    stm32f1xx_ll_rcc.o(i.LL_RCC_GetADCClockFreq) refers to stm32f1xx_ll_rcc.o(i.RCC_GetPCLK2ClockFreq) for RCC_GetPCLK2ClockFreq
    stm32f1xx_ll_rcc.o(i.LL_RCC_GetSystemClocksFreq) refers to stm32f1xx_ll_rcc.o(i.RCC_GetSystemClockFreq) for RCC_GetSystemClockFreq
    stm32f1xx_ll_rcc.o(i.LL_RCC_GetSystemClocksFreq) refers to stm32f1xx_ll_rcc.o(i.RCC_GetHCLKClockFreq) for RCC_GetHCLKClockFreq
    stm32f1xx_ll_rcc.o(i.LL_RCC_GetSystemClocksFreq) refers to stm32f1xx_ll_rcc.o(i.RCC_GetPCLK1ClockFreq) for RCC_GetPCLK1ClockFreq
    stm32f1xx_ll_rcc.o(i.LL_RCC_GetSystemClocksFreq) refers to stm32f1xx_ll_rcc.o(i.RCC_GetPCLK2ClockFreq) for RCC_GetPCLK2ClockFreq
    stm32f1xx_ll_rcc.o(i.LL_RCC_GetUSBClockFreq) refers to stm32f1xx_ll_rcc.o(i.RCC_PLL_GetFreqDomain_SYS) for RCC_PLL_GetFreqDomain_SYS
    stm32f1xx_ll_rcc.o(i.RCC_GetHCLKClockFreq) refers to system_stm32f1xx.o(.constdata) for AHBPrescTable
    stm32f1xx_ll_rcc.o(i.RCC_GetPCLK1ClockFreq) refers to system_stm32f1xx.o(.constdata) for APBPrescTable
    stm32f1xx_ll_rcc.o(i.RCC_GetPCLK2ClockFreq) refers to system_stm32f1xx.o(.constdata) for APBPrescTable
    stm32f1xx_ll_rcc.o(i.RCC_GetSystemClockFreq) refers to stm32f1xx_ll_rcc.o(i.RCC_PLL_GetFreqDomain_SYS) for RCC_PLL_GetFreqDomain_SYS
    stm32f1xx_ll_utils.o(i.LL_PLL_ConfigSystemClock_HSE) refers to stm32f1xx_ll_utils.o(i.UTILS_GetPLLOutputFrequency) for UTILS_GetPLLOutputFrequency
    stm32f1xx_ll_utils.o(i.LL_PLL_ConfigSystemClock_HSE) refers to stm32f1xx_ll_utils.o(i.UTILS_PLL_IsBusy) for UTILS_PLL_IsBusy
    stm32f1xx_ll_utils.o(i.LL_PLL_ConfigSystemClock_HSE) refers to stm32f1xx_ll_utils.o(i.LL_RCC_PLL_ConfigDomain_SYS) for LL_RCC_PLL_ConfigDomain_SYS
    stm32f1xx_ll_utils.o(i.LL_PLL_ConfigSystemClock_HSE) refers to stm32f1xx_ll_utils.o(i.UTILS_EnablePLLAndSwitchSystem) for UTILS_EnablePLLAndSwitchSystem
    stm32f1xx_ll_utils.o(i.LL_PLL_ConfigSystemClock_HSI) refers to stm32f1xx_ll_utils.o(i.UTILS_PLL_IsBusy) for UTILS_PLL_IsBusy
    stm32f1xx_ll_utils.o(i.LL_PLL_ConfigSystemClock_HSI) refers to stm32f1xx_ll_utils.o(i.UTILS_GetPLLOutputFrequency) for UTILS_GetPLLOutputFrequency
    stm32f1xx_ll_utils.o(i.LL_PLL_ConfigSystemClock_HSI) refers to stm32f1xx_ll_utils.o(i.LL_RCC_PLL_ConfigDomain_SYS) for LL_RCC_PLL_ConfigDomain_SYS
    stm32f1xx_ll_utils.o(i.LL_PLL_ConfigSystemClock_HSI) refers to stm32f1xx_ll_utils.o(i.UTILS_EnablePLLAndSwitchSystem) for UTILS_EnablePLLAndSwitchSystem
    stm32f1xx_ll_utils.o(i.LL_SetSystemCoreClock) refers to system_stm32f1xx.o(.data) for SystemCoreClock
    stm32f1xx_ll_utils.o(i.UTILS_EnablePLLAndSwitchSystem) refers to stm32f1xx_ll_utils.o(i.LL_SetFlashLatency) for LL_SetFlashLatency
    stm32f1xx_ll_utils.o(i.UTILS_EnablePLLAndSwitchSystem) refers to system_stm32f1xx.o(.constdata) for AHBPrescTable
    stm32f1xx_ll_utils.o(i.UTILS_EnablePLLAndSwitchSystem) refers to system_stm32f1xx.o(.data) for SystemCoreClock
    system_stm32f1xx.o(i.SystemCoreClockUpdate) refers to system_stm32f1xx.o(.data) for .data
    system_stm32f1xx.o(i.SystemCoreClockUpdate) refers to system_stm32f1xx.o(.constdata) for .constdata
    retarget_io.o(i.__aeabi_assert) refers to fputs.o(i.fputs) for fputs
    retarget_io.o(i.__aeabi_assert) refers to retarget_io.o(i.abort) for abort
    retarget_io.o(i.__aeabi_assert) refers to stderr.o(.data) for __stderr
    retarget_io.o(i.__backspace) refers to stdin.o(.data) for __stdin
    retarget_io.o(i.__backspace) refers to retarget_io.o(.data) for .data
    retarget_io.o(i.fgetc) refers to main.o(i.stdin_getchar) for stdin_getchar
    retarget_io.o(i.fgetc) refers to stdin.o(.data) for __stdin
    retarget_io.o(i.fgetc) refers to retarget_io.o(.data) for .data
    retarget_io.o(i.fputc) refers to main.o(i.stdout_putchar) for stdout_putchar
    retarget_io.o(i.fputc) refers to stdout.o(.data) for __stdout
    entry.o(.ARM.Collect$$$$00000000) refers (Special) to entry10a.o(.ARM.Collect$$$$0000000F) for __rt_final_cpp
    entry.o(.ARM.Collect$$$$00000000) refers (Special) to entry11a.o(.ARM.Collect$$$$00000011) for __rt_final_exit
    entry.o(.ARM.Collect$$$$00000000) refers (Special) to entry12b.o(.ARM.Collect$$$$0000000E) for __rt_lib_shutdown_fini
    entry.o(.ARM.Collect$$$$00000000) refers (Special) to entry7b.o(.ARM.Collect$$$$00000008) for _main_clock
    entry.o(.ARM.Collect$$$$00000000) refers (Special) to entry8b.o(.ARM.Collect$$$$0000000A) for _main_cpp_init
    entry.o(.ARM.Collect$$$$00000000) refers (Special) to entry9a.o(.ARM.Collect$$$$0000000B) for _main_init
    entry.o(.ARM.Collect$$$$00000000) refers (Special) to entry5.o(.ARM.Collect$$$$00000004) for _main_scatterload
    entry.o(.ARM.Collect$$$$00000000) refers (Special) to entry2.o(.ARM.Collect$$$$00000001) for _main_stk
    fputs.o(i.fputs) refers to retarget_io.o(i.fputc) for fputc
    fputs_e.o(.text) refers to retarget_io.o(i.fputc) for fputc
    printfb.o(i.__0fprintf$bare) refers to printfb.o(i._printf_core) for _printf_core
    printfb.o(i.__0fprintf$bare) refers to retarget_io.o(i.fputc) for fputc
    printfb.o(i.__0printf$bare) refers to printfb.o(i._printf_core) for _printf_core
    printfb.o(i.__0printf$bare) refers to retarget_io.o(i.fputc) for fputc
    printfb.o(i.__0printf$bare) refers to stdout.o(.data) for __stdout
    printfb.o(i.__0snprintf$bare) refers to printfb.o(i._printf_core) for _printf_core
    printfb.o(i.__0snprintf$bare) refers to printfb.o(i._snputc) for _snputc
    printfb.o(i.__0sprintf$bare) refers to printfb.o(i._printf_core) for _printf_core
    printfb.o(i.__0sprintf$bare) refers to printfb.o(i._sputc) for _sputc
    printfb.o(i.__0vfprintf$bare) refers to printfb.o(i._printf_core) for _printf_core
    printfb.o(i.__0vfprintf$bare) refers to retarget_io.o(i.fputc) for fputc
    printfb.o(i.__0vprintf$bare) refers to printfb.o(i._printf_core) for _printf_core
    printfb.o(i.__0vprintf$bare) refers to retarget_io.o(i.fputc) for fputc
    printfb.o(i.__0vprintf$bare) refers to stdout.o(.data) for __stdout
    printfb.o(i.__0vsnprintf$bare) refers to printfb.o(i._printf_core) for _printf_core
    printfb.o(i.__0vsnprintf$bare) refers to printfb.o(i._snputc) for _snputc
    printfb.o(i.__0vsprintf$bare) refers to printfb.o(i._printf_core) for _printf_core
    printfb.o(i.__0vsprintf$bare) refers to printfb.o(i._sputc) for _sputc
    printf0.o(i.__0fprintf$0) refers to printf0.o(i._printf_core) for _printf_core
    printf0.o(i.__0fprintf$0) refers to retarget_io.o(i.fputc) for fputc
    printf0.o(i.__0printf$0) refers to printf0.o(i._printf_core) for _printf_core
    printf0.o(i.__0printf$0) refers to retarget_io.o(i.fputc) for fputc
    printf0.o(i.__0printf$0) refers to stdout.o(.data) for __stdout
    printf0.o(i.__0snprintf$0) refers to printf0.o(i._printf_core) for _printf_core
    printf0.o(i.__0snprintf$0) refers to printf0.o(i._snputc) for _snputc
    printf0.o(i.__0sprintf$0) refers to printf0.o(i._printf_core) for _printf_core
    printf0.o(i.__0sprintf$0) refers to printf0.o(i._sputc) for _sputc
    printf0.o(i.__0vfprintf$0) refers to printf0.o(i._printf_core) for _printf_core
    printf0.o(i.__0vfprintf$0) refers to retarget_io.o(i.fputc) for fputc
    printf0.o(i.__0vprintf$0) refers to printf0.o(i._printf_core) for _printf_core
    printf0.o(i.__0vprintf$0) refers to retarget_io.o(i.fputc) for fputc
    printf0.o(i.__0vprintf$0) refers to stdout.o(.data) for __stdout
    printf0.o(i.__0vsnprintf$0) refers to printf0.o(i._printf_core) for _printf_core
    printf0.o(i.__0vsnprintf$0) refers to printf0.o(i._snputc) for _snputc
    printf0.o(i.__0vsprintf$0) refers to printf0.o(i._printf_core) for _printf_core
    printf0.o(i.__0vsprintf$0) refers to printf0.o(i._sputc) for _sputc
    printf1.o(i.__0fprintf$1) refers to printf1.o(i._printf_core) for _printf_core
    printf1.o(i.__0fprintf$1) refers to retarget_io.o(i.fputc) for fputc
    printf1.o(i.__0printf$1) refers to printf1.o(i._printf_core) for _printf_core
    printf1.o(i.__0printf$1) refers to retarget_io.o(i.fputc) for fputc
    printf1.o(i.__0printf$1) refers to stdout.o(.data) for __stdout
    printf1.o(i.__0snprintf$1) refers to printf1.o(i._printf_core) for _printf_core
    printf1.o(i.__0snprintf$1) refers to printf1.o(i._snputc) for _snputc
    printf1.o(i.__0sprintf$1) refers to printf1.o(i._printf_core) for _printf_core
    printf1.o(i.__0sprintf$1) refers to printf1.o(i._sputc) for _sputc
    printf1.o(i.__0vfprintf$1) refers to printf1.o(i._printf_core) for _printf_core
    printf1.o(i.__0vfprintf$1) refers to retarget_io.o(i.fputc) for fputc
    printf1.o(i.__0vprintf$1) refers to printf1.o(i._printf_core) for _printf_core
    printf1.o(i.__0vprintf$1) refers to retarget_io.o(i.fputc) for fputc
    printf1.o(i.__0vprintf$1) refers to stdout.o(.data) for __stdout
    printf1.o(i.__0vsnprintf$1) refers to printf1.o(i._printf_core) for _printf_core
    printf1.o(i.__0vsnprintf$1) refers to printf1.o(i._snputc) for _snputc
    printf1.o(i.__0vsprintf$1) refers to printf1.o(i._printf_core) for _printf_core
    printf1.o(i.__0vsprintf$1) refers to printf1.o(i._sputc) for _sputc
    printf1.o(i._printf_core) refers to uidiv.o(.text) for __aeabi_uidivmod
    printf2.o(i.__0fprintf$2) refers to printf2.o(i._printf_core) for _printf_core
    printf2.o(i.__0fprintf$2) refers to retarget_io.o(i.fputc) for fputc
    printf2.o(i.__0printf$2) refers to printf2.o(i._printf_core) for _printf_core
    printf2.o(i.__0printf$2) refers to retarget_io.o(i.fputc) for fputc
    printf2.o(i.__0printf$2) refers to stdout.o(.data) for __stdout
    printf2.o(i.__0snprintf$2) refers to printf2.o(i._printf_core) for _printf_core
    printf2.o(i.__0snprintf$2) refers to printf2.o(i._snputc) for _snputc
    printf2.o(i.__0sprintf$2) refers to printf2.o(i._printf_core) for _printf_core
    printf2.o(i.__0sprintf$2) refers to printf2.o(i._sputc) for _sputc
    printf2.o(i.__0vfprintf$2) refers to printf2.o(i._printf_core) for _printf_core
    printf2.o(i.__0vfprintf$2) refers to retarget_io.o(i.fputc) for fputc
    printf2.o(i.__0vprintf$2) refers to printf2.o(i._printf_core) for _printf_core
    printf2.o(i.__0vprintf$2) refers to retarget_io.o(i.fputc) for fputc
    printf2.o(i.__0vprintf$2) refers to stdout.o(.data) for __stdout
    printf2.o(i.__0vsnprintf$2) refers to printf2.o(i._printf_core) for _printf_core
    printf2.o(i.__0vsnprintf$2) refers to printf2.o(i._snputc) for _snputc
    printf2.o(i.__0vsprintf$2) refers to printf2.o(i._printf_core) for _printf_core
    printf2.o(i.__0vsprintf$2) refers to printf2.o(i._sputc) for _sputc
    printf3.o(i.__0fprintf$3) refers to printf3.o(i._printf_core) for _printf_core
    printf3.o(i.__0fprintf$3) refers to retarget_io.o(i.fputc) for fputc
    printf3.o(i.__0printf$3) refers to printf3.o(i._printf_core) for _printf_core
    printf3.o(i.__0printf$3) refers to retarget_io.o(i.fputc) for fputc
    printf3.o(i.__0printf$3) refers to stdout.o(.data) for __stdout
    printf3.o(i.__0snprintf$3) refers to printf3.o(i._printf_core) for _printf_core
    printf3.o(i.__0snprintf$3) refers to printf3.o(i._snputc) for _snputc
    printf3.o(i.__0sprintf$3) refers to printf3.o(i._printf_core) for _printf_core
    printf3.o(i.__0sprintf$3) refers to printf3.o(i._sputc) for _sputc
    printf3.o(i.__0vfprintf$3) refers to printf3.o(i._printf_core) for _printf_core
    printf3.o(i.__0vfprintf$3) refers to retarget_io.o(i.fputc) for fputc
    printf3.o(i.__0vprintf$3) refers to printf3.o(i._printf_core) for _printf_core
    printf3.o(i.__0vprintf$3) refers to retarget_io.o(i.fputc) for fputc
    printf3.o(i.__0vprintf$3) refers to stdout.o(.data) for __stdout
    printf3.o(i.__0vsnprintf$3) refers to printf3.o(i._printf_core) for _printf_core
    printf3.o(i.__0vsnprintf$3) refers to printf3.o(i._snputc) for _snputc
    printf3.o(i.__0vsprintf$3) refers to printf3.o(i._printf_core) for _printf_core
    printf3.o(i.__0vsprintf$3) refers to printf3.o(i._sputc) for _sputc
    printf3.o(i._printf_core) refers to uidiv.o(.text) for __aeabi_uidivmod
    printf4.o(i.__0fprintf$4) refers to printf4.o(i._printf_core) for _printf_core
    printf4.o(i.__0fprintf$4) refers to retarget_io.o(i.fputc) for fputc
    printf4.o(i.__0printf$4) refers to printf4.o(i._printf_core) for _printf_core
    printf4.o(i.__0printf$4) refers to retarget_io.o(i.fputc) for fputc
    printf4.o(i.__0printf$4) refers to stdout.o(.data) for __stdout
    printf4.o(i.__0snprintf$4) refers to printf4.o(i._printf_core) for _printf_core
    printf4.o(i.__0snprintf$4) refers to printf4.o(i._snputc) for _snputc
    printf4.o(i.__0sprintf$4) refers to printf4.o(i._printf_core) for _printf_core
    printf4.o(i.__0sprintf$4) refers to printf4.o(i._sputc) for _sputc
    printf4.o(i.__0vfprintf$4) refers to printf4.o(i._printf_core) for _printf_core
    printf4.o(i.__0vfprintf$4) refers to retarget_io.o(i.fputc) for fputc
    printf4.o(i.__0vprintf$4) refers to printf4.o(i._printf_core) for _printf_core
    printf4.o(i.__0vprintf$4) refers to retarget_io.o(i.fputc) for fputc
    printf4.o(i.__0vprintf$4) refers to stdout.o(.data) for __stdout
    printf4.o(i.__0vsnprintf$4) refers to printf4.o(i._printf_core) for _printf_core
    printf4.o(i.__0vsnprintf$4) refers to printf4.o(i._snputc) for _snputc
    printf4.o(i.__0vsprintf$4) refers to printf4.o(i._printf_core) for _printf_core
    printf4.o(i.__0vsprintf$4) refers to printf4.o(i._sputc) for _sputc
    printf4.o(i._printf_core) refers to uldiv.o(.text) for __aeabi_uldivmod
    printf5.o(i.__0fprintf$5) refers to printf5.o(i._printf_core) for _printf_core
    printf5.o(i.__0fprintf$5) refers to retarget_io.o(i.fputc) for fputc
    printf5.o(i.__0printf$5) refers to printf5.o(i._printf_core) for _printf_core
    printf5.o(i.__0printf$5) refers to retarget_io.o(i.fputc) for fputc
    printf5.o(i.__0printf$5) refers to stdout.o(.data) for __stdout
    printf5.o(i.__0snprintf$5) refers to printf5.o(i._printf_core) for _printf_core
    printf5.o(i.__0snprintf$5) refers to printf5.o(i._snputc) for _snputc
    printf5.o(i.__0sprintf$5) refers to printf5.o(i._printf_core) for _printf_core
    printf5.o(i.__0sprintf$5) refers to printf5.o(i._sputc) for _sputc
    printf5.o(i.__0vfprintf$5) refers to printf5.o(i._printf_core) for _printf_core
    printf5.o(i.__0vfprintf$5) refers to retarget_io.o(i.fputc) for fputc
    printf5.o(i.__0vprintf$5) refers to printf5.o(i._printf_core) for _printf_core
    printf5.o(i.__0vprintf$5) refers to retarget_io.o(i.fputc) for fputc
    printf5.o(i.__0vprintf$5) refers to stdout.o(.data) for __stdout
    printf5.o(i.__0vsnprintf$5) refers to printf5.o(i._printf_core) for _printf_core
    printf5.o(i.__0vsnprintf$5) refers to printf5.o(i._snputc) for _snputc
    printf5.o(i.__0vsprintf$5) refers to printf5.o(i._printf_core) for _printf_core
    printf5.o(i.__0vsprintf$5) refers to printf5.o(i._sputc) for _sputc
    printf5.o(i._printf_core) refers to uldiv.o(.text) for __aeabi_uldivmod
    printf6.o(i.__0fprintf$6) refers to printf6.o(i._printf_core) for _printf_core
    printf6.o(i.__0fprintf$6) refers to retarget_io.o(i.fputc) for fputc
    printf6.o(i.__0printf$6) refers to printf6.o(i._printf_core) for _printf_core
    printf6.o(i.__0printf$6) refers to retarget_io.o(i.fputc) for fputc
    printf6.o(i.__0printf$6) refers to stdout.o(.data) for __stdout
    printf6.o(i.__0snprintf$6) refers to printf6.o(i._printf_core) for _printf_core
    printf6.o(i.__0snprintf$6) refers to printf6.o(i._snputc) for _snputc
    printf6.o(i.__0sprintf$6) refers to printf6.o(i._printf_core) for _printf_core
    printf6.o(i.__0sprintf$6) refers to printf6.o(i._sputc) for _sputc
    printf6.o(i.__0vfprintf$6) refers to printf6.o(i._printf_core) for _printf_core
    printf6.o(i.__0vfprintf$6) refers to retarget_io.o(i.fputc) for fputc
    printf6.o(i.__0vprintf$6) refers to printf6.o(i._printf_core) for _printf_core
    printf6.o(i.__0vprintf$6) refers to retarget_io.o(i.fputc) for fputc
    printf6.o(i.__0vprintf$6) refers to stdout.o(.data) for __stdout
    printf6.o(i.__0vsnprintf$6) refers to printf6.o(i._printf_core) for _printf_core
    printf6.o(i.__0vsnprintf$6) refers to printf6.o(i._snputc) for _snputc
    printf6.o(i.__0vsprintf$6) refers to printf6.o(i._printf_core) for _printf_core
    printf6.o(i.__0vsprintf$6) refers to printf6.o(i._sputc) for _sputc
    printf6.o(i._printf_core) refers to printf6.o(i._printf_pre_padding) for _printf_pre_padding
    printf6.o(i._printf_core) refers to uidiv.o(.text) for __aeabi_uidivmod
    printf6.o(i._printf_core) refers to printf6.o(i._printf_post_padding) for _printf_post_padding
    printf7.o(i.__0fprintf$7) refers to printf7.o(i._printf_core) for _printf_core
    printf7.o(i.__0fprintf$7) refers to retarget_io.o(i.fputc) for fputc
    printf7.o(i.__0printf$7) refers to printf7.o(i._printf_core) for _printf_core
    printf7.o(i.__0printf$7) refers to retarget_io.o(i.fputc) for fputc
    printf7.o(i.__0printf$7) refers to stdout.o(.data) for __stdout
    printf7.o(i.__0snprintf$7) refers to printf7.o(i._printf_core) for _printf_core
    printf7.o(i.__0snprintf$7) refers to printf7.o(i._snputc) for _snputc
    printf7.o(i.__0sprintf$7) refers to printf7.o(i._printf_core) for _printf_core
    printf7.o(i.__0sprintf$7) refers to printf7.o(i._sputc) for _sputc
    printf7.o(i.__0vfprintf$7) refers to printf7.o(i._printf_core) for _printf_core
    printf7.o(i.__0vfprintf$7) refers to retarget_io.o(i.fputc) for fputc
    printf7.o(i.__0vprintf$7) refers to printf7.o(i._printf_core) for _printf_core
    printf7.o(i.__0vprintf$7) refers to retarget_io.o(i.fputc) for fputc
    printf7.o(i.__0vprintf$7) refers to stdout.o(.data) for __stdout
    printf7.o(i.__0vsnprintf$7) refers to printf7.o(i._printf_core) for _printf_core
    printf7.o(i.__0vsnprintf$7) refers to printf7.o(i._snputc) for _snputc
    printf7.o(i.__0vsprintf$7) refers to printf7.o(i._printf_core) for _printf_core
    printf7.o(i.__0vsprintf$7) refers to printf7.o(i._sputc) for _sputc
    printf7.o(i._printf_core) refers to printf7.o(i._printf_pre_padding) for _printf_pre_padding
    printf7.o(i._printf_core) refers to uldiv.o(.text) for __aeabi_uldivmod
    printf7.o(i._printf_core) refers to printf7.o(i._printf_post_padding) for _printf_post_padding
    printf8.o(i.__0fprintf$8) refers to printf8.o(i._printf_core) for _printf_core
    printf8.o(i.__0fprintf$8) refers to retarget_io.o(i.fputc) for fputc
    printf8.o(i.__0printf$8) refers to printf8.o(i._printf_core) for _printf_core
    printf8.o(i.__0printf$8) refers to retarget_io.o(i.fputc) for fputc
    printf8.o(i.__0printf$8) refers to stdout.o(.data) for __stdout
    printf8.o(i.__0snprintf$8) refers to printf8.o(i._printf_core) for _printf_core
    printf8.o(i.__0snprintf$8) refers to printf8.o(i._snputc) for _snputc
    printf8.o(i.__0sprintf$8) refers to printf8.o(i._printf_core) for _printf_core
    printf8.o(i.__0sprintf$8) refers to printf8.o(i._sputc) for _sputc
    printf8.o(i.__0vfprintf$8) refers to printf8.o(i._printf_core) for _printf_core
    printf8.o(i.__0vfprintf$8) refers to retarget_io.o(i.fputc) for fputc
    printf8.o(i.__0vprintf$8) refers to printf8.o(i._printf_core) for _printf_core
    printf8.o(i.__0vprintf$8) refers to retarget_io.o(i.fputc) for fputc
    printf8.o(i.__0vprintf$8) refers to stdout.o(.data) for __stdout
    printf8.o(i.__0vsnprintf$8) refers to printf8.o(i._printf_core) for _printf_core
    printf8.o(i.__0vsnprintf$8) refers to printf8.o(i._snputc) for _snputc
    printf8.o(i.__0vsprintf$8) refers to printf8.o(i._printf_core) for _printf_core
    printf8.o(i.__0vsprintf$8) refers to printf8.o(i._sputc) for _sputc
    printf8.o(i._printf_core) refers to printf8.o(i._printf_pre_padding) for _printf_pre_padding
    printf8.o(i._printf_core) refers to uldiv.o(.text) for __aeabi_uldivmod
    printf8.o(i._printf_core) refers to printf8.o(i._printf_post_padding) for _printf_post_padding
    printfa.o(i.__0fprintf) refers (Special) to iusefp.o(.text) for __I$use$fp
    printfa.o(i.__0fprintf) refers to printfa.o(i._printf_core) for _printf_core
    printfa.o(i.__0fprintf) refers to retarget_io.o(i.fputc) for fputc
    printfa.o(i.__0printf) refers (Special) to iusefp.o(.text) for __I$use$fp
    printfa.o(i.__0printf) refers to printfa.o(i._printf_core) for _printf_core
    printfa.o(i.__0printf) refers to retarget_io.o(i.fputc) for fputc
    printfa.o(i.__0printf) refers to stdout.o(.data) for __stdout
    printfa.o(i.__0snprintf) refers (Special) to iusefp.o(.text) for __I$use$fp
    printfa.o(i.__0snprintf) refers to printfa.o(i._printf_core) for _printf_core
    printfa.o(i.__0snprintf) refers to printfa.o(i._snputc) for _snputc
    printfa.o(i.__0sprintf) refers (Special) to iusefp.o(.text) for __I$use$fp
    printfa.o(i.__0sprintf) refers to printfa.o(i._printf_core) for _printf_core
    printfa.o(i.__0sprintf) refers to printfa.o(i._sputc) for _sputc
    printfa.o(i.__0vfprintf) refers (Special) to iusefp.o(.text) for __I$use$fp
    printfa.o(i.__0vfprintf) refers to printfa.o(i._printf_core) for _printf_core
    printfa.o(i.__0vfprintf) refers to retarget_io.o(i.fputc) for fputc
    printfa.o(i.__0vprintf) refers (Special) to iusefp.o(.text) for __I$use$fp
    printfa.o(i.__0vprintf) refers to printfa.o(i._printf_core) for _printf_core
    printfa.o(i.__0vprintf) refers to retarget_io.o(i.fputc) for fputc
    printfa.o(i.__0vprintf) refers to stdout.o(.data) for __stdout
    printfa.o(i.__0vsnprintf) refers (Special) to iusefp.o(.text) for __I$use$fp
    printfa.o(i.__0vsnprintf) refers to printfa.o(i._printf_core) for _printf_core
    printfa.o(i.__0vsnprintf) refers to printfa.o(i._snputc) for _snputc
    printfa.o(i.__0vsprintf) refers (Special) to iusefp.o(.text) for __I$use$fp
    printfa.o(i.__0vsprintf) refers to printfa.o(i._printf_core) for _printf_core
    printfa.o(i.__0vsprintf) refers to printfa.o(i._sputc) for _sputc
    printfa.o(i._fp_digits) refers (Special) to iusefp.o(.text) for __I$use$fp
    printfa.o(i._fp_digits) refers to dmul.o(.text) for __aeabi_dmul
    printfa.o(i._fp_digits) refers to ddiv.o(.text) for __aeabi_ddiv
    printfa.o(i._fp_digits) refers to cdrcmple.o(.text) for __aeabi_cdrcmple
    printfa.o(i._fp_digits) refers to dadd.o(.text) for __aeabi_dadd
    printfa.o(i._fp_digits) refers to dfixul.o(.text) for __aeabi_d2ulz
    printfa.o(i._fp_digits) refers to uldiv.o(.text) for __aeabi_uldivmod
    printfa.o(i._printf_core) refers (Special) to iusefp.o(.text) for __I$use$fp
    printfa.o(i._printf_core) refers to printfa.o(i._printf_pre_padding) for _printf_pre_padding
    printfa.o(i._printf_core) refers to uldiv.o(.text) for __aeabi_uldivmod
    printfa.o(i._printf_core) refers to printfa.o(i._printf_post_padding) for _printf_post_padding
    printfa.o(i._printf_core) refers to printfa.o(i._fp_digits) for _fp_digits
    printfa.o(i._printf_core) refers to uidiv.o(.text) for __aeabi_uidivmod
    printfa.o(i._printf_post_padding) refers (Special) to iusefp.o(.text) for __I$use$fp
    printfa.o(i._printf_pre_padding) refers (Special) to iusefp.o(.text) for __I$use$fp
    printfa.o(i._snputc) refers (Special) to iusefp.o(.text) for __I$use$fp
    printfa.o(i._sputc) refers (Special) to iusefp.o(.text) for __I$use$fp
    entry2.o(.ARM.Collect$$$$00000001) refers to entry2.o(.ARM.Collect$$$$00002712) for __lit__00000000
    entry2.o(.ARM.Collect$$$$00002712) refers to startup_stm32f103xb.o(STACK) for __initial_sp
    entry2.o(__vectab_stack_and_reset_area) refers to startup_stm32f103xb.o(STACK) for __initial_sp
    entry2.o(__vectab_stack_and_reset_area) refers to entry.o(.ARM.Collect$$$$00000000) for __main
    entry5.o(.ARM.Collect$$$$00000004) refers to init.o(.text) for __scatterload
    entry9a.o(.ARM.Collect$$$$0000000B) refers to main.o(i.main) for main
    entry9b.o(.ARM.Collect$$$$0000000C) refers to main.o(i.main) for main
    uldiv.o(.text) refers to llushr.o(.text) for __aeabi_llsr
    uldiv.o(.text) refers to llshl.o(.text) for __aeabi_llsl
    dadd.o(.text) refers to llshl.o(.text) for __aeabi_llsl
    dadd.o(.text) refers to llsshr.o(.text) for __aeabi_lasr
    dadd.o(.text) refers to depilogue.o(.text) for _double_epilogue
    dmul.o(.text) refers to depilogue.o(.text) for _double_epilogue
    ddiv.o(.text) refers to depilogue.o(.text) for _double_round
    dfixul.o(.text) refers to llushr.o(.text) for __aeabi_llsr
    dfixul.o(.text) refers to llshl.o(.text) for __aeabi_llsl
    init.o(.text) refers to entry5.o(.ARM.Collect$$$$00000004) for __main_after_scatterload
    depilogue.o(.text) refers to llshl.o(.text) for __aeabi_llsl
    depilogue.o(.text) refers to llushr.o(.text) for __aeabi_llsr


==============================================================================

Removing Unused input sections from the image.

    Removing startup_stm32f103xb.o(HEAP), (512 bytes).
    Removing main.o(.rev16_text), (4 bytes).
    Removing main.o(.revsh_text), (4 bytes).
    Removing main.o(.rrx_text), (6 bytes).
    Removing main.o(i.Error_Handler), (2 bytes).
    Removing main.o(i.stdin_getchar), (16 bytes).
    Removing stm32f1xx_it.o(.rev16_text), (4 bytes).
    Removing stm32f1xx_it.o(.revsh_text), (4 bytes).
    Removing stm32f1xx_it.o(.rrx_text), (6 bytes).
    Removing stm32f1xx_it.o(i.read_uart), (52 bytes).
    Removing stm32f1xx_it.o(i.urat_getc), (52 bytes).
    Removing stm32f1xx_ll_gpio.o(.rev16_text), (4 bytes).
    Removing stm32f1xx_ll_gpio.o(.revsh_text), (4 bytes).
    Removing stm32f1xx_ll_gpio.o(.rrx_text), (6 bytes).
    Removing stm32f1xx_ll_gpio.o(i.LL_APB2_GRP1_ForceReset), (16 bytes).
    Removing stm32f1xx_ll_gpio.o(i.LL_APB2_GRP1_ReleaseReset), (16 bytes).
    Removing stm32f1xx_ll_gpio.o(i.LL_GPIO_DeInit), (116 bytes).
    Removing stm32f1xx_ll_gpio.o(i.LL_GPIO_StructInit), (22 bytes).
    Removing stm32f1xx_ll_pwr.o(.rev16_text), (4 bytes).
    Removing stm32f1xx_ll_pwr.o(.revsh_text), (4 bytes).
    Removing stm32f1xx_ll_pwr.o(.rrx_text), (6 bytes).
    Removing stm32f1xx_ll_pwr.o(i.LL_PWR_DeInit), (28 bytes).
    Removing stm32f1xx_ll_exti.o(.rev16_text), (4 bytes).
    Removing stm32f1xx_ll_exti.o(.revsh_text), (4 bytes).
    Removing stm32f1xx_ll_exti.o(.rrx_text), (6 bytes).
    Removing stm32f1xx_ll_exti.o(i.LL_EXTI_DeInit), (40 bytes).
    Removing stm32f1xx_ll_exti.o(i.LL_EXTI_Init), (160 bytes).
    Removing stm32f1xx_ll_exti.o(i.LL_EXTI_StructInit), (14 bytes).
    Removing stm32f1xx_ll_usart.o(.rev16_text), (4 bytes).
    Removing stm32f1xx_ll_usart.o(.revsh_text), (4 bytes).
    Removing stm32f1xx_ll_usart.o(.rrx_text), (6 bytes).
    Removing stm32f1xx_ll_usart.o(i.LL_USART_ClockInit), (56 bytes).
    Removing stm32f1xx_ll_usart.o(i.LL_USART_ClockStructInit), (12 bytes).
    Removing stm32f1xx_ll_usart.o(i.LL_USART_DeInit), (96 bytes).
    Removing stm32f1xx_ll_usart.o(i.LL_USART_StructInit), (22 bytes).
    Removing stm32f1xx_ll_dma.o(.rev16_text), (4 bytes).
    Removing stm32f1xx_ll_dma.o(.revsh_text), (4 bytes).
    Removing stm32f1xx_ll_dma.o(.rrx_text), (6 bytes).
    Removing stm32f1xx_ll_dma.o(i.LL_DMA_DeInit), (164 bytes).
    Removing stm32f1xx_ll_dma.o(i.LL_DMA_Init), (92 bytes).
    Removing stm32f1xx_ll_dma.o(i.LL_DMA_StructInit), (24 bytes).
    Removing stm32f1xx_ll_dma.o(.constdata), (7 bytes).
    Removing stm32f1xx_ll_rcc.o(.rev16_text), (4 bytes).
    Removing stm32f1xx_ll_rcc.o(.revsh_text), (4 bytes).
    Removing stm32f1xx_ll_rcc.o(.rrx_text), (6 bytes).
    Removing stm32f1xx_ll_rcc.o(i.LL_RCC_DeInit), (96 bytes).
    Removing stm32f1xx_ll_rcc.o(i.LL_RCC_GetADCClockFreq), (48 bytes).
    Removing stm32f1xx_ll_rcc.o(i.LL_RCC_GetUSBClockFreq), (56 bytes).
    Removing stm32f1xx_ll_utils.o(.rev16_text), (4 bytes).
    Removing stm32f1xx_ll_utils.o(.revsh_text), (4 bytes).
    Removing stm32f1xx_ll_utils.o(.rrx_text), (6 bytes).
    Removing stm32f1xx_ll_utils.o(i.LL_PLL_ConfigSystemClock_HSE), (104 bytes).
    Removing stm32f1xx_ll_utils.o(i.LL_PLL_ConfigSystemClock_HSI), (88 bytes).
    Removing stm32f1xx_ll_utils.o(i.LL_RCC_PLL_ConfigDomain_SYS), (24 bytes).
    Removing stm32f1xx_ll_utils.o(i.LL_SetFlashLatency), (76 bytes).
    Removing stm32f1xx_ll_utils.o(i.UTILS_EnablePLLAndSwitchSystem), (172 bytes).
    Removing stm32f1xx_ll_utils.o(i.UTILS_GetPLLOutputFrequency), (24 bytes).
    Removing stm32f1xx_ll_utils.o(i.UTILS_PLL_IsBusy), (24 bytes).
    Removing system_stm32f1xx.o(.rev16_text), (4 bytes).
    Removing system_stm32f1xx.o(.revsh_text), (4 bytes).
    Removing system_stm32f1xx.o(.rrx_text), (6 bytes).
    Removing system_stm32f1xx.o(i.SystemCoreClockUpdate), (104 bytes).
    Removing retarget_io.o(i.__aeabi_assert), (144 bytes).
    Removing retarget_io.o(i.__backspace), (40 bytes).
    Removing retarget_io.o(i.abort), (2 bytes).
    Removing retarget_io.o(i.fgetc), (48 bytes).
    Removing retarget_io.o(.data), (8 bytes).
    Removing dadd.o(.text), (334 bytes).
    Removing dmul.o(.text), (228 bytes).
    Removing ddiv.o(.text), (222 bytes).
    Removing dfixul.o(.text), (48 bytes).
    Removing cdrcmple.o(.text), (48 bytes).
    Removing depilogue.o(.text), (186 bytes).

73 unused section(s) (total 3783 bytes) removed from the image.

==============================================================================

Image Symbol Table

    Local Symbols

    Symbol Name                              Value     Ov Type        Size  Object(Section)

    ../Core/Src/main.c                       0x00000000   Number         0  main.o ABSOLUTE
    ../Core/Src/stm32f1xx_it.c               0x00000000   Number         0  stm32f1xx_it.o ABSOLUTE
    ../Core/Src/system_stm32f1xx.c           0x00000000   Number         0  system_stm32f1xx.o ABSOLUTE
    ../Drivers/STM32F1xx_HAL_Driver/Src/stm32f1xx_ll_dma.c 0x00000000   Number         0  stm32f1xx_ll_dma.o ABSOLUTE
    ../Drivers/STM32F1xx_HAL_Driver/Src/stm32f1xx_ll_exti.c 0x00000000   Number         0  stm32f1xx_ll_exti.o ABSOLUTE
    ../Drivers/STM32F1xx_HAL_Driver/Src/stm32f1xx_ll_gpio.c 0x00000000   Number         0  stm32f1xx_ll_gpio.o ABSOLUTE
    ../Drivers/STM32F1xx_HAL_Driver/Src/stm32f1xx_ll_pwr.c 0x00000000   Number         0  stm32f1xx_ll_pwr.o ABSOLUTE
    ../Drivers/STM32F1xx_HAL_Driver/Src/stm32f1xx_ll_rcc.c 0x00000000   Number         0  stm32f1xx_ll_rcc.o ABSOLUTE
    ../Drivers/STM32F1xx_HAL_Driver/Src/stm32f1xx_ll_usart.c 0x00000000   Number         0  stm32f1xx_ll_usart.o ABSOLUTE
    ../Drivers/STM32F1xx_HAL_Driver/Src/stm32f1xx_ll_utils.c 0x00000000   Number         0  stm32f1xx_ll_utils.o ABSOLUTE
    ../clib/microlib/division.c              0x00000000   Number         0  uldiv.o ABSOLUTE
    ../clib/microlib/division.c              0x00000000   Number         0  uidiv.o ABSOLUTE
    ../clib/microlib/init/entry.s            0x00000000   Number         0  entry5.o ABSOLUTE
    ../clib/microlib/init/entry.s            0x00000000   Number         0  entry2.o ABSOLUTE
    ../clib/microlib/init/entry.s            0x00000000   Number         0  entry.o ABSOLUTE
    ../clib/microlib/init/entry.s            0x00000000   Number         0  entry12b.o ABSOLUTE
    ../clib/microlib/init/entry.s            0x00000000   Number         0  entry12a.o ABSOLUTE
    ../clib/microlib/init/entry.s            0x00000000   Number         0  entry11b.o ABSOLUTE
    ../clib/microlib/init/entry.s            0x00000000   Number         0  entry11a.o ABSOLUTE
    ../clib/microlib/init/entry.s            0x00000000   Number         0  entry10b.o ABSOLUTE
    ../clib/microlib/init/entry.s            0x00000000   Number         0  entry10a.o ABSOLUTE
    ../clib/microlib/init/entry.s            0x00000000   Number         0  entry9b.o ABSOLUTE
    ../clib/microlib/init/entry.s            0x00000000   Number         0  entry9a.o ABSOLUTE
    ../clib/microlib/init/entry.s            0x00000000   Number         0  entry8b.o ABSOLUTE
    ../clib/microlib/init/entry.s            0x00000000   Number         0  entry8a.o ABSOLUTE
    ../clib/microlib/init/entry.s            0x00000000   Number         0  entry7b.o ABSOLUTE
    ../clib/microlib/init/entry.s            0x00000000   Number         0  entry7a.o ABSOLUTE
    ../clib/microlib/longlong.c              0x00000000   Number         0  llshl.o ABSOLUTE
    ../clib/microlib/longlong.c              0x00000000   Number         0  llsshr.o ABSOLUTE
    ../clib/microlib/longlong.c              0x00000000   Number         0  llushr.o ABSOLUTE
    ../clib/microlib/printf/printf.c         0x00000000   Number         0  printf3.o ABSOLUTE
    ../clib/microlib/printf/printf.c         0x00000000   Number         0  printf4.o ABSOLUTE
    ../clib/microlib/printf/printf.c         0x00000000   Number         0  printf8.o ABSOLUTE
    ../clib/microlib/printf/printf.c         0x00000000   Number         0  printfa.o ABSOLUTE
    ../clib/microlib/printf/printf.c         0x00000000   Number         0  printf7.o ABSOLUTE
    ../clib/microlib/printf/printf.c         0x00000000   Number         0  printf2.o ABSOLUTE
    ../clib/microlib/printf/printf.c         0x00000000   Number         0  printf5.o ABSOLUTE
    ../clib/microlib/printf/printf.c         0x00000000   Number         0  printf6.o ABSOLUTE
    ../clib/microlib/printf/printf.c         0x00000000   Number         0  printf0.o ABSOLUTE
    ../clib/microlib/printf/printf.c         0x00000000   Number         0  printfb.o ABSOLUTE
    ../clib/microlib/printf/printf.c         0x00000000   Number         0  printf1.o ABSOLUTE
    ../clib/microlib/printf/stubs.s          0x00000000   Number         0  stubs.o ABSOLUTE
    ../clib/microlib/stdio/fputs.c           0x00000000   Number         0  fputs.o ABSOLUTE
    ../clib/microlib/stdio/fputs.c           0x00000000   Number         0  fputs_e.o ABSOLUTE
    ../clib/microlib/stdio/streams.c         0x00000000   Number         0  stdin.o ABSOLUTE
    ../clib/microlib/stdio/streams.c         0x00000000   Number         0  stderr.o ABSOLUTE
    ../clib/microlib/stdio/streams.c         0x00000000   Number         0  stdout.o ABSOLUTE
    ../clib/microlib/string/memset.c         0x00000000   Number         0  memseta.o ABSOLUTE
    ../clib/microlib/string/strcpy.c         0x00000000   Number         0  strcpy.o ABSOLUTE
    ../clib/microlib/stubs.s                 0x00000000   Number         0  iusefp.o ABSOLUTE
    ../fplib/microlib/fpadd.c                0x00000000   Number         0  dadd.o ABSOLUTE
    ../fplib/microlib/fpdiv.c                0x00000000   Number         0  ddiv.o ABSOLUTE
    ../fplib/microlib/fpepilogue.c           0x00000000   Number         0  depilogue.o ABSOLUTE
    ../fplib/microlib/fpfix.c                0x00000000   Number         0  dfixul.o ABSOLUTE
    ../fplib/microlib/fpmul.c                0x00000000   Number         0  dmul.o ABSOLUTE
    ..\Core\Src\main.c                       0x00000000   Number         0  main.o ABSOLUTE
    ..\Core\Src\stm32f1xx_it.c               0x00000000   Number         0  stm32f1xx_it.o ABSOLUTE
    ..\Core\Src\system_stm32f1xx.c           0x00000000   Number         0  system_stm32f1xx.o ABSOLUTE
    ..\Drivers\STM32F1xx_HAL_Driver\Src\stm32f1xx_ll_dma.c 0x00000000   Number         0  stm32f1xx_ll_dma.o ABSOLUTE
    ..\Drivers\STM32F1xx_HAL_Driver\Src\stm32f1xx_ll_exti.c 0x00000000   Number         0  stm32f1xx_ll_exti.o ABSOLUTE
    ..\Drivers\STM32F1xx_HAL_Driver\Src\stm32f1xx_ll_gpio.c 0x00000000   Number         0  stm32f1xx_ll_gpio.o ABSOLUTE
    ..\Drivers\STM32F1xx_HAL_Driver\Src\stm32f1xx_ll_pwr.c 0x00000000   Number         0  stm32f1xx_ll_pwr.o ABSOLUTE
    ..\Drivers\STM32F1xx_HAL_Driver\Src\stm32f1xx_ll_rcc.c 0x00000000   Number         0  stm32f1xx_ll_rcc.o ABSOLUTE
    ..\Drivers\STM32F1xx_HAL_Driver\Src\stm32f1xx_ll_usart.c 0x00000000   Number         0  stm32f1xx_ll_usart.o ABSOLUTE
    ..\Drivers\STM32F1xx_HAL_Driver\Src\stm32f1xx_ll_utils.c 0x00000000   Number         0  stm32f1xx_ll_utils.o ABSOLUTE
    C:\Users\radshid\AppData\Local\Arm\Packs\Keil\ARM_Compiler\1.6.3\Source\retarget_io.c 0x00000000   Number         0  retarget_io.o ABSOLUTE
    cdrcmple.s                               0x00000000   Number         0  cdrcmple.o ABSOLUTE
    dc.s                                     0x00000000   Number         0  dc.o ABSOLUTE
    handlers.s                               0x00000000   Number         0  handlers.o ABSOLUTE
    init.s                                   0x00000000   Number         0  init.o ABSOLUTE
    startup_stm32f103xb.s                    0x00000000   Number         0  startup_stm32f103xb.o ABSOLUTE
    RESET                                    0x08000000   Section      236  startup_stm32f103xb.o(RESET)
    .ARM.Collect$$$$00000000                 0x080000ec   Section        0  entry.o(.ARM.Collect$$$$00000000)
    .ARM.Collect$$$$00000001                 0x080000ec   Section        4  entry2.o(.ARM.Collect$$$$00000001)
    .ARM.Collect$$$$00000004                 0x080000f0   Section        4  entry5.o(.ARM.Collect$$$$00000004)
    .ARM.Collect$$$$00000008                 0x080000f4   Section        0  entry7b.o(.ARM.Collect$$$$00000008)
    .ARM.Collect$$$$0000000A                 0x080000f4   Section        0  entry8b.o(.ARM.Collect$$$$0000000A)
    .ARM.Collect$$$$0000000B                 0x080000f4   Section        8  entry9a.o(.ARM.Collect$$$$0000000B)
    .ARM.Collect$$$$0000000E                 0x080000fc   Section        4  entry12b.o(.ARM.Collect$$$$0000000E)
    .ARM.Collect$$$$0000000F                 0x08000100   Section        0  entry10a.o(.ARM.Collect$$$$0000000F)
    .ARM.Collect$$$$00000011                 0x08000100   Section        0  entry11a.o(.ARM.Collect$$$$00000011)
    .ARM.Collect$$$$00002712                 0x08000100   Section        4  entry2.o(.ARM.Collect$$$$00002712)
    __lit__00000000                          0x08000100   Data           4  entry2.o(.ARM.Collect$$$$00002712)
    .text                                    0x08000104   Section       36  startup_stm32f103xb.o(.text)
    .text                                    0x08000128   Section        0  memseta.o(.text)
    .text                                    0x0800014c   Section        0  uldiv.o(.text)
    .text                                    0x080001b0   Section       36  init.o(.text)
    .text                                    0x080001d4   Section        0  llshl.o(.text)
    .text                                    0x080001f2   Section        0  llushr.o(.text)
    i.BusFault_Handler                       0x08000212   Section        0  stm32f1xx_it.o(i.BusFault_Handler)
    i.DebugMon_Handler                       0x08000214   Section        0  stm32f1xx_it.o(i.DebugMon_Handler)
    i.HardFault_Handler                      0x08000216   Section        0  stm32f1xx_it.o(i.HardFault_Handler)
    i.LL_APB2_GRP1_EnableClock               0x08000218   Section        0  main.o(i.LL_APB2_GRP1_EnableClock)
    LL_APB2_GRP1_EnableClock                 0x08000219   Thumb Code    18  main.o(i.LL_APB2_GRP1_EnableClock)
    i.LL_GPIO_Init                           0x08000230   Section        0  stm32f1xx_ll_gpio.o(i.LL_GPIO_Init)
    i.LL_Init1msTick                         0x08000320   Section        0  stm32f1xx_ll_utils.o(i.LL_Init1msTick)
    i.LL_RCC_GetSystemClocksFreq             0x0800033a   Section        0  stm32f1xx_ll_rcc.o(i.LL_RCC_GetSystemClocksFreq)
    i.LL_SetSystemCoreClock                  0x0800035c   Section        0  stm32f1xx_ll_utils.o(i.LL_SetSystemCoreClock)
    i.LL_USART_Init                          0x08000368   Section        0  stm32f1xx_ll_usart.o(i.LL_USART_Init)
    i.LL_mDelay                              0x0800044c   Section        0  stm32f1xx_ll_utils.o(i.LL_mDelay)
    i.MX_USART1_UART_Init                    0x0800046c   Section        0  main.o(i.MX_USART1_UART_Init)
    MX_USART1_UART_Init                      0x0800046d   Thumb Code   184  main.o(i.MX_USART1_UART_Init)
    i.MemManage_Handler                      0x0800053c   Section        0  stm32f1xx_it.o(i.MemManage_Handler)
    i.NMI_Handler                            0x0800053e   Section        0  stm32f1xx_it.o(i.NMI_Handler)
    i.PendSV_Handler                         0x08000540   Section        0  stm32f1xx_it.o(i.PendSV_Handler)
    i.RCC_GetHCLKClockFreq                   0x08000544   Section        0  stm32f1xx_ll_rcc.o(i.RCC_GetHCLKClockFreq)
    i.RCC_GetPCLK1ClockFreq                  0x08000560   Section        0  stm32f1xx_ll_rcc.o(i.RCC_GetPCLK1ClockFreq)
    i.RCC_GetPCLK2ClockFreq                  0x0800057c   Section        0  stm32f1xx_ll_rcc.o(i.RCC_GetPCLK2ClockFreq)
    i.RCC_GetSystemClockFreq                 0x08000598   Section        0  stm32f1xx_ll_rcc.o(i.RCC_GetSystemClockFreq)
    i.RCC_PLL_GetFreqDomain_SYS              0x080005bc   Section        0  stm32f1xx_ll_rcc.o(i.RCC_PLL_GetFreqDomain_SYS)
    i.SVC_Handler                            0x080005f8   Section        0  stm32f1xx_it.o(i.SVC_Handler)
    i.SysTick_Handler                        0x080005fa   Section        0  stm32f1xx_it.o(i.SysTick_Handler)
    i.SystemClock_Config                     0x080005fc   Section        0  main.o(i.SystemClock_Config)
    i.SystemInit                             0x08000678   Section        0  system_stm32f1xx.o(i.SystemInit)
    i.USART1_IRQHandler                      0x0800067c   Section        0  stm32f1xx_it.o(i.USART1_IRQHandler)
    i.UsageFault_Handler                     0x080006b8   Section        0  stm32f1xx_it.o(i.UsageFault_Handler)
    i.__0printf$5                            0x080006bc   Section        0  printf5.o(i.__0printf$5)
    i.__scatterload_copy                     0x080006dc   Section       14  handlers.o(i.__scatterload_copy)
    i.__scatterload_null                     0x080006ea   Section        2  handlers.o(i.__scatterload_null)
    i.__scatterload_zeroinit                 0x080006ec   Section       14  handlers.o(i.__scatterload_zeroinit)
    i._printf_core                           0x080006fc   Section        0  printf5.o(i._printf_core)
    _printf_core                             0x080006fd   Thumb Code   660  printf5.o(i._printf_core)
    i.fputc                                  0x080009bc   Section        0  retarget_io.o(i.fputc)
    i.main                                   0x080009d0   Section        0  main.o(i.main)
    i.send_uart                              0x08000ab0   Section        0  main.o(i.send_uart)
    i.stdout_putchar                         0x08000ac4   Section        0  main.o(i.stdout_putchar)
    .constdata                               0x08000ad2   Section       16  system_stm32f1xx.o(.constdata)
    .constdata                               0x08000ae2   Section        8  system_stm32f1xx.o(.constdata)
    .data                                    0x20000000   Section       12  stm32f1xx_it.o(.data)
    .data                                    0x2000000c   Section        4  system_stm32f1xx.o(.data)
    .data                                    0x20000010   Section        4  stdout.o(.data)
    .bss                                     0x20000014   Section      100  stm32f1xx_it.o(.bss)
    STACK                                    0x20000078   Section     1024  startup_stm32f103xb.o(STACK)

    Global Symbols

    Symbol Name                              Value     Ov Type        Size  Object(Section)

    BuildAttributes$$THM_ISAv4$P$D$K$B$S$PE$A:L22UL41UL21$X:L11$S22US41US21$IEEE1$IW$USESV6$~STKCKD$USESV7$~SHL$OSPACE$ROPI$EBA8$MICROLIB$REQ8$PRES8$EABIv2 0x00000000   Number         0  anon$$obj.o ABSOLUTE
    __ARM_use_no_argv                        0x00000000   Number         0  main.o ABSOLUTE
    _printf_a                                0x00000000   Number         0  stubs.o ABSOLUTE
    _printf_c                                0x00000000   Number         0  stubs.o ABSOLUTE
    _printf_charcount                        0x00000000   Number         0  stubs.o ABSOLUTE
    _printf_d                                0x00000000   Number         0  stubs.o ABSOLUTE
    _printf_e                                0x00000000   Number         0  stubs.o ABSOLUTE
    _printf_f                                0x00000000   Number         0  stubs.o ABSOLUTE
    _printf_flags                            0x00000000   Number         0  stubs.o ABSOLUTE
    _printf_fp_dec                           0x00000000   Number         0  stubs.o ABSOLUTE
    _printf_fp_hex                           0x00000000   Number         0  stubs.o ABSOLUTE
    _printf_g                                0x00000000   Number         0  stubs.o ABSOLUTE
    _printf_i                                0x00000000   Number         0  stubs.o ABSOLUTE
    _printf_int_dec                          0x00000000   Number         0  stubs.o ABSOLUTE
    _printf_l                                0x00000000   Number         0  stubs.o ABSOLUTE
    _printf_lc                               0x00000000   Number         0  stubs.o ABSOLUTE
    _printf_ll                               0x00000000   Number         0  stubs.o ABSOLUTE
    _printf_lld                              0x00000000   Number         0  stubs.o ABSOLUTE
    _printf_lli                              0x00000000   Number         0  stubs.o ABSOLUTE
    _printf_llo                              0x00000000   Number         0  stubs.o ABSOLUTE
    _printf_llu                              0x00000000   Number         0  stubs.o ABSOLUTE
    _printf_llx                              0x00000000   Number         0  stubs.o ABSOLUTE
    _printf_longlong_dec                     0x00000000   Number         0  stubs.o ABSOLUTE
    _printf_longlong_hex                     0x00000000   Number         0  stubs.o ABSOLUTE
    _printf_longlong_oct                     0x00000000   Number         0  stubs.o ABSOLUTE
    _printf_ls                               0x00000000   Number         0  stubs.o ABSOLUTE
    _printf_mbtowc                           0x00000000   Number         0  stubs.o ABSOLUTE
    _printf_n                                0x00000000   Number         0  stubs.o ABSOLUTE
    _printf_o                                0x00000000   Number         0  stubs.o ABSOLUTE
    _printf_p                                0x00000000   Number         0  stubs.o ABSOLUTE
    _printf_percent                          0x00000000   Number         0  stubs.o ABSOLUTE
    _printf_pre_padding                      0x00000000   Number         0  stubs.o ABSOLUTE
    _printf_return_value                     0x00000000   Number         0  stubs.o ABSOLUTE
    _printf_s                                0x00000000   Number         0  stubs.o ABSOLUTE
    _printf_sizespec                         0x00000000   Number         0  stubs.o ABSOLUTE
    _printf_str                              0x00000000   Number         0  stubs.o ABSOLUTE
    _printf_truncate_signed                  0x00000000   Number         0  stubs.o ABSOLUTE
    _printf_truncate_unsigned                0x00000000   Number         0  stubs.o ABSOLUTE
    _printf_u                                0x00000000   Number         0  stubs.o ABSOLUTE
    _printf_wc                               0x00000000   Number         0  stubs.o ABSOLUTE
    _printf_wctomb                           0x00000000   Number         0  stubs.o ABSOLUTE
    _printf_widthprec                        0x00000000   Number         0  stubs.o ABSOLUTE
    _printf_x                                0x00000000   Number         0  stubs.o ABSOLUTE
    __arm_fini_                               - Undefined Weak Reference
    __cpp_initialize__aeabi_                  - Undefined Weak Reference
    __cxa_finalize                            - Undefined Weak Reference
    __decompress                              - Undefined Weak Reference
    _clock_init                               - Undefined Weak Reference
    _microlib_exit                            - Undefined Weak Reference
    __Vectors_Size                           0x000000ec   Number         0  startup_stm32f103xb.o ABSOLUTE
    __Vectors                                0x08000000   Data           4  startup_stm32f103xb.o(RESET)
    __Vectors_End                            0x080000ec   Data           0  startup_stm32f103xb.o(RESET)
    __main                                   0x080000ed   Thumb Code     0  entry.o(.ARM.Collect$$$$00000000)
    _main_stk                                0x080000ed   Thumb Code     0  entry2.o(.ARM.Collect$$$$00000001)
    _main_scatterload                        0x080000f1   Thumb Code     0  entry5.o(.ARM.Collect$$$$00000004)
    __main_after_scatterload                 0x080000f5   Thumb Code     0  entry5.o(.ARM.Collect$$$$00000004)
    _main_clock                              0x080000f5   Thumb Code     0  entry7b.o(.ARM.Collect$$$$00000008)
    _main_cpp_init                           0x080000f5   Thumb Code     0  entry8b.o(.ARM.Collect$$$$0000000A)
    _main_init                               0x080000f5   Thumb Code     0  entry9a.o(.ARM.Collect$$$$0000000B)
    __rt_lib_shutdown_fini                   0x080000fd   Thumb Code     0  entry12b.o(.ARM.Collect$$$$0000000E)
    __rt_final_cpp                           0x08000101   Thumb Code     0  entry10a.o(.ARM.Collect$$$$0000000F)
    __rt_final_exit                          0x08000101   Thumb Code     0  entry11a.o(.ARM.Collect$$$$00000011)
    Reset_Handler                            0x08000105   Thumb Code     8  startup_stm32f103xb.o(.text)
    ADC1_2_IRQHandler                        0x0800011f   Thumb Code     0  startup_stm32f103xb.o(.text)
    CAN1_RX1_IRQHandler                      0x0800011f   Thumb Code     0  startup_stm32f103xb.o(.text)
    CAN1_SCE_IRQHandler                      0x0800011f   Thumb Code     0  startup_stm32f103xb.o(.text)
    DMA1_Channel1_IRQHandler                 0x0800011f   Thumb Code     0  startup_stm32f103xb.o(.text)
    DMA1_Channel2_IRQHandler                 0x0800011f   Thumb Code     0  startup_stm32f103xb.o(.text)
    DMA1_Channel3_IRQHandler                 0x0800011f   Thumb Code     0  startup_stm32f103xb.o(.text)
    DMA1_Channel4_IRQHandler                 0x0800011f   Thumb Code     0  startup_stm32f103xb.o(.text)
    DMA1_Channel5_IRQHandler                 0x0800011f   Thumb Code     0  startup_stm32f103xb.o(.text)
    DMA1_Channel6_IRQHandler                 0x0800011f   Thumb Code     0  startup_stm32f103xb.o(.text)
    DMA1_Channel7_IRQHandler                 0x0800011f   Thumb Code     0  startup_stm32f103xb.o(.text)
    EXTI0_IRQHandler                         0x0800011f   Thumb Code     0  startup_stm32f103xb.o(.text)
    EXTI15_10_IRQHandler                     0x0800011f   Thumb Code     0  startup_stm32f103xb.o(.text)
    EXTI1_IRQHandler                         0x0800011f   Thumb Code     0  startup_stm32f103xb.o(.text)
    EXTI2_IRQHandler                         0x0800011f   Thumb Code     0  startup_stm32f103xb.o(.text)
    EXTI3_IRQHandler                         0x0800011f   Thumb Code     0  startup_stm32f103xb.o(.text)
    EXTI4_IRQHandler                         0x0800011f   Thumb Code     0  startup_stm32f103xb.o(.text)
    EXTI9_5_IRQHandler                       0x0800011f   Thumb Code     0  startup_stm32f103xb.o(.text)
    FLASH_IRQHandler                         0x0800011f   Thumb Code     0  startup_stm32f103xb.o(.text)
    I2C1_ER_IRQHandler                       0x0800011f   Thumb Code     0  startup_stm32f103xb.o(.text)
    I2C1_EV_IRQHandler                       0x0800011f   Thumb Code     0  startup_stm32f103xb.o(.text)
    I2C2_ER_IRQHandler                       0x0800011f   Thumb Code     0  startup_stm32f103xb.o(.text)
    I2C2_EV_IRQHandler                       0x0800011f   Thumb Code     0  startup_stm32f103xb.o(.text)
    PVD_IRQHandler                           0x0800011f   Thumb Code     0  startup_stm32f103xb.o(.text)
    RCC_IRQHandler                           0x0800011f   Thumb Code     0  startup_stm32f103xb.o(.text)
    RTC_Alarm_IRQHandler                     0x0800011f   Thumb Code     0  startup_stm32f103xb.o(.text)
    RTC_IRQHandler                           0x0800011f   Thumb Code     0  startup_stm32f103xb.o(.text)
    SPI1_IRQHandler                          0x0800011f   Thumb Code     0  startup_stm32f103xb.o(.text)
    SPI2_IRQHandler                          0x0800011f   Thumb Code     0  startup_stm32f103xb.o(.text)
    TAMPER_IRQHandler                        0x0800011f   Thumb Code     0  startup_stm32f103xb.o(.text)
    TIM1_BRK_IRQHandler                      0x0800011f   Thumb Code     0  startup_stm32f103xb.o(.text)
    TIM1_CC_IRQHandler                       0x0800011f   Thumb Code     0  startup_stm32f103xb.o(.text)
    TIM1_TRG_COM_IRQHandler                  0x0800011f   Thumb Code     0  startup_stm32f103xb.o(.text)
    TIM1_UP_IRQHandler                       0x0800011f   Thumb Code     0  startup_stm32f103xb.o(.text)
    TIM2_IRQHandler                          0x0800011f   Thumb Code     0  startup_stm32f103xb.o(.text)
    TIM3_IRQHandler                          0x0800011f   Thumb Code     0  startup_stm32f103xb.o(.text)
    TIM4_IRQHandler                          0x0800011f   Thumb Code     0  startup_stm32f103xb.o(.text)
    USART2_IRQHandler                        0x0800011f   Thumb Code     0  startup_stm32f103xb.o(.text)
    USART3_IRQHandler                        0x0800011f   Thumb Code     0  startup_stm32f103xb.o(.text)
    USBWakeUp_IRQHandler                     0x0800011f   Thumb Code     0  startup_stm32f103xb.o(.text)
    USB_HP_CAN1_TX_IRQHandler                0x0800011f   Thumb Code     0  startup_stm32f103xb.o(.text)
    USB_LP_CAN1_RX0_IRQHandler               0x0800011f   Thumb Code     0  startup_stm32f103xb.o(.text)
    WWDG_IRQHandler                          0x0800011f   Thumb Code     0  startup_stm32f103xb.o(.text)
    __aeabi_memset                           0x08000129   Thumb Code    14  memseta.o(.text)
    __aeabi_memset4                          0x08000129   Thumb Code     0  memseta.o(.text)
    __aeabi_memset8                          0x08000129   Thumb Code     0  memseta.o(.text)
    __aeabi_memclr                           0x08000137   Thumb Code     4  memseta.o(.text)
    __aeabi_memclr4                          0x08000137   Thumb Code     0  memseta.o(.text)
    __aeabi_memclr8                          0x08000137   Thumb Code     0  memseta.o(.text)
    _memset$wrapper                          0x0800013b   Thumb Code    18  memseta.o(.text)
    __aeabi_uldivmod                         0x0800014d   Thumb Code    98  uldiv.o(.text)
    __scatterload                            0x080001b1   Thumb Code    28  init.o(.text)
    __scatterload_rt2                        0x080001b1   Thumb Code     0  init.o(.text)
    __aeabi_llsl                             0x080001d5   Thumb Code    30  llshl.o(.text)
    _ll_shift_l                              0x080001d5   Thumb Code     0  llshl.o(.text)
    __aeabi_llsr                             0x080001f3   Thumb Code    32  llushr.o(.text)
    _ll_ushift_r                             0x080001f3   Thumb Code     0  llushr.o(.text)
    BusFault_Handler                         0x08000213   Thumb Code     2  stm32f1xx_it.o(i.BusFault_Handler)
    DebugMon_Handler                         0x08000215   Thumb Code     2  stm32f1xx_it.o(i.DebugMon_Handler)
    HardFault_Handler                        0x08000217   Thumb Code     2  stm32f1xx_it.o(i.HardFault_Handler)
    LL_GPIO_Init                             0x08000231   Thumb Code   240  stm32f1xx_ll_gpio.o(i.LL_GPIO_Init)
    LL_Init1msTick                           0x08000321   Thumb Code    26  stm32f1xx_ll_utils.o(i.LL_Init1msTick)
    LL_RCC_GetSystemClocksFreq               0x0800033b   Thumb Code    32  stm32f1xx_ll_rcc.o(i.LL_RCC_GetSystemClocksFreq)
    LL_SetSystemCoreClock                    0x0800035d   Thumb Code     6  stm32f1xx_ll_utils.o(i.LL_SetSystemCoreClock)
    LL_USART_Init                            0x08000369   Thumb Code   214  stm32f1xx_ll_usart.o(i.LL_USART_Init)
    LL_mDelay                                0x0800044d   Thumb Code    30  stm32f1xx_ll_utils.o(i.LL_mDelay)
    MemManage_Handler                        0x0800053d   Thumb Code     2  stm32f1xx_it.o(i.MemManage_Handler)
    NMI_Handler                              0x0800053f   Thumb Code     2  stm32f1xx_it.o(i.NMI_Handler)
    PendSV_Handler                           0x08000541   Thumb Code     2  stm32f1xx_it.o(i.PendSV_Handler)
    RCC_GetHCLKClockFreq                     0x08000545   Thumb Code    18  stm32f1xx_ll_rcc.o(i.RCC_GetHCLKClockFreq)
    RCC_GetPCLK1ClockFreq                    0x08000561   Thumb Code    20  stm32f1xx_ll_rcc.o(i.RCC_GetPCLK1ClockFreq)
    RCC_GetPCLK2ClockFreq                    0x0800057d   Thumb Code    20  stm32f1xx_ll_rcc.o(i.RCC_GetPCLK2ClockFreq)
    RCC_GetSystemClockFreq                   0x08000599   Thumb Code    26  stm32f1xx_ll_rcc.o(i.RCC_GetSystemClockFreq)
    RCC_PLL_GetFreqDomain_SYS                0x080005bd   Thumb Code    48  stm32f1xx_ll_rcc.o(i.RCC_PLL_GetFreqDomain_SYS)
    SVC_Handler                              0x080005f9   Thumb Code     2  stm32f1xx_it.o(i.SVC_Handler)
    SysTick_Handler                          0x080005fb   Thumb Code     2  stm32f1xx_it.o(i.SysTick_Handler)
    SystemClock_Config                       0x080005fd   Thumb Code   110  main.o(i.SystemClock_Config)
    SystemInit                               0x08000679   Thumb Code     2  system_stm32f1xx.o(i.SystemInit)
    USART1_IRQHandler                        0x0800067d   Thumb Code    46  stm32f1xx_it.o(i.USART1_IRQHandler)
    UsageFault_Handler                       0x080006b9   Thumb Code     2  stm32f1xx_it.o(i.UsageFault_Handler)
    __0printf$5                              0x080006bd   Thumb Code    22  printf5.o(i.__0printf$5)
    __1printf$5                              0x080006bd   Thumb Code     0  printf5.o(i.__0printf$5)
    __2printf                                0x080006bd   Thumb Code     0  printf5.o(i.__0printf$5)
    __scatterload_copy                       0x080006dd   Thumb Code    14  handlers.o(i.__scatterload_copy)
    __scatterload_null                       0x080006eb   Thumb Code     2  handlers.o(i.__scatterload_null)
    __scatterload_zeroinit                   0x080006ed   Thumb Code    14  handlers.o(i.__scatterload_zeroinit)
    fputc                                    0x080009bd   Thumb Code    16  retarget_io.o(i.fputc)
    main                                     0x080009d1   Thumb Code   144  main.o(i.main)
    send_uart                                0x08000ab1   Thumb Code    16  main.o(i.send_uart)
    stdout_putchar                           0x08000ac5   Thumb Code    14  main.o(i.stdout_putchar)
    AHBPrescTable                            0x08000ad2   Data          16  system_stm32f1xx.o(.constdata)
    APBPrescTable                            0x08000ae2   Data           8  system_stm32f1xx.o(.constdata)
    Region$$Table$$Base                      0x08000aec   Number         0  anon$$obj.o(Region$$Table)
    Region$$Table$$Limit                     0x08000b0c   Number         0  anon$$obj.o(Region$$Table)
    r_index                                  0x20000000   Data           4  stm32f1xx_it.o(.data)
    w_index                                  0x20000004   Data           4  stm32f1xx_it.o(.data)
    counter                                  0x20000008   Data           4  stm32f1xx_it.o(.data)
    SystemCoreClock                          0x2000000c   Data           4  system_stm32f1xx.o(.data)
    __stdout                                 0x20000010   Data           4  stdout.o(.data)
    buffer                                   0x20000014   Data         100  stm32f1xx_it.o(.bss)
    __initial_sp                             0x20000478   Data           0  startup_stm32f103xb.o(STACK)



==============================================================================

Memory Map of the image

  Image Entry point : 0x080000ed

  Load Region LR_IROM1 (Base: 0x08000000, Size: 0x00000b20, Max: 0x00010000, ABSOLUTE)

    Execution Region ER_IROM1 (Exec base: 0x08000000, Load base: 0x08000000, Size: 0x00000b0c, Max: 0x00010000, ABSOLUTE)

    Exec Addr    Load Addr    Size         Type   Attr      Idx    E Section Name        Object

    0x08000000   0x08000000   0x000000ec   Data   RO            3    RESET               startup_stm32f103xb.o
    0x080000ec   0x080000ec   0x00000000   Code   RO          721  * .ARM.Collect$$$$00000000  mc_w.l(entry.o)
    0x080000ec   0x080000ec   0x00000004   Code   RO          996    .ARM.Collect$$$$00000001  mc_w.l(entry2.o)
    0x080000f0   0x080000f0   0x00000004   Code   RO          999    .ARM.Collect$$$$00000004  mc_w.l(entry5.o)
    0x080000f4   0x080000f4   0x00000000   Code   RO         1001    .ARM.Collect$$$$00000008  mc_w.l(entry7b.o)
    0x080000f4   0x080000f4   0x00000000   Code   RO         1003    .ARM.Collect$$$$0000000A  mc_w.l(entry8b.o)
    0x080000f4   0x080000f4   0x00000008   Code   RO         1004    .ARM.Collect$$$$0000000B  mc_w.l(entry9a.o)
    0x080000fc   0x080000fc   0x00000004   Code   RO         1011    .ARM.Collect$$$$0000000E  mc_w.l(entry12b.o)
    0x08000100   0x08000100   0x00000000   Code   RO         1006    .ARM.Collect$$$$0000000F  mc_w.l(entry10a.o)
    0x08000100   0x08000100   0x00000000   Code   RO         1008    .ARM.Collect$$$$00000011  mc_w.l(entry11a.o)
    0x08000100   0x08000100   0x00000004   Code   RO          997    .ARM.Collect$$$$00002712  mc_w.l(entry2.o)
    0x08000104   0x08000104   0x00000024   Code   RO            4    .text               startup_stm32f103xb.o
    0x08000128   0x08000128   0x00000024   Code   RO          731    .text               mc_w.l(memseta.o)
    0x0800014c   0x0800014c   0x00000062   Code   RO         1014    .text               mc_w.l(uldiv.o)
    0x080001ae   0x080001ae   0x00000002   PAD
    0x080001b0   0x080001b0   0x00000024   Code   RO         1027    .text               mc_w.l(init.o)
    0x080001d4   0x080001d4   0x0000001e   Code   RO         1029    .text               mc_w.l(llshl.o)
    0x080001f2   0x080001f2   0x00000020   Code   RO         1031    .text               mc_w.l(llushr.o)
    0x08000212   0x08000212   0x00000002   Code   RO          144    i.BusFault_Handler  stm32f1xx_it.o
    0x08000214   0x08000214   0x00000002   Code   RO          145    i.DebugMon_Handler  stm32f1xx_it.o
    0x08000216   0x08000216   0x00000002   Code   RO          146    i.HardFault_Handler  stm32f1xx_it.o
    0x08000218   0x08000218   0x00000018   Code   RO           14    i.LL_APB2_GRP1_EnableClock  main.o
    0x08000230   0x08000230   0x000000f0   Code   RO          269    i.LL_GPIO_Init      stm32f1xx_ll_gpio.o
    0x08000320   0x08000320   0x0000001a   Code   RO          551    i.LL_Init1msTick    stm32f1xx_ll_utils.o
    0x0800033a   0x0800033a   0x00000020   Code   RO          481    i.LL_RCC_GetSystemClocksFreq  stm32f1xx_ll_rcc.o
    0x0800035a   0x0800035a   0x00000002   PAD
    0x0800035c   0x0800035c   0x0000000c   Code   RO          556    i.LL_SetSystemCoreClock  stm32f1xx_ll_utils.o
    0x08000368   0x08000368   0x000000e4   Code   RO          387    i.LL_USART_Init     stm32f1xx_ll_usart.o
    0x0800044c   0x0800044c   0x0000001e   Code   RO          557    i.LL_mDelay         stm32f1xx_ll_utils.o
    0x0800046a   0x0800046a   0x00000002   PAD
    0x0800046c   0x0800046c   0x000000d0   Code   RO           15    i.MX_USART1_UART_Init  main.o
    0x0800053c   0x0800053c   0x00000002   Code   RO          147    i.MemManage_Handler  stm32f1xx_it.o
    0x0800053e   0x0800053e   0x00000002   Code   RO          148    i.NMI_Handler       stm32f1xx_it.o
    0x08000540   0x08000540   0x00000002   Code   RO          149    i.PendSV_Handler    stm32f1xx_it.o
    0x08000542   0x08000542   0x00000002   PAD
    0x08000544   0x08000544   0x0000001c   Code   RO          483    i.RCC_GetHCLKClockFreq  stm32f1xx_ll_rcc.o
    0x08000560   0x08000560   0x0000001c   Code   RO          484    i.RCC_GetPCLK1ClockFreq  stm32f1xx_ll_rcc.o
    0x0800057c   0x0800057c   0x0000001c   Code   RO          485    i.RCC_GetPCLK2ClockFreq  stm32f1xx_ll_rcc.o
    0x08000598   0x08000598   0x00000024   Code   RO          486    i.RCC_GetSystemClockFreq  stm32f1xx_ll_rcc.o
    0x080005bc   0x080005bc   0x0000003c   Code   RO          487    i.RCC_PLL_GetFreqDomain_SYS  stm32f1xx_ll_rcc.o
    0x080005f8   0x080005f8   0x00000002   Code   RO          150    i.SVC_Handler       stm32f1xx_it.o
    0x080005fa   0x080005fa   0x00000002   Code   RO          151    i.SysTick_Handler   stm32f1xx_it.o
    0x080005fc   0x080005fc   0x0000007c   Code   RO           16    i.SystemClock_Config  main.o
    0x08000678   0x08000678   0x00000002   Code   RO          632    i.SystemInit        system_stm32f1xx.o
    0x0800067a   0x0800067a   0x00000002   PAD
    0x0800067c   0x0800067c   0x0000003c   Code   RO          152    i.USART1_IRQHandler  stm32f1xx_it.o
    0x080006b8   0x080006b8   0x00000002   Code   RO          153    i.UsageFault_Handler  stm32f1xx_it.o
    0x080006ba   0x080006ba   0x00000002   PAD
    0x080006bc   0x080006bc   0x00000020   Code   RO          868    i.__0printf$5       mc_w.l(printf5.o)
    0x080006dc   0x080006dc   0x0000000e   Code   RO         1039    i.__scatterload_copy  mc_w.l(handlers.o)
    0x080006ea   0x080006ea   0x00000002   Code   RO         1040    i.__scatterload_null  mc_w.l(handlers.o)
    0x080006ec   0x080006ec   0x0000000e   Code   RO         1041    i.__scatterload_zeroinit  mc_w.l(handlers.o)
    0x080006fa   0x080006fa   0x00000002   PAD
    0x080006fc   0x080006fc   0x000002c0   Code   RO          875    i._printf_core      mc_w.l(printf5.o)
    0x080009bc   0x080009bc   0x00000014   Code   RO          670    i.fputc             retarget_io.o
    0x080009d0   0x080009d0   0x000000e0   Code   RO           17    i.main              main.o
    0x08000ab0   0x08000ab0   0x00000014   Code   RO           18    i.send_uart         main.o
    0x08000ac4   0x08000ac4   0x0000000e   Code   RO           20    i.stdout_putchar    main.o
    0x08000ad2   0x08000ad2   0x00000010   Data   RO          633    .constdata          system_stm32f1xx.o
    0x08000ae2   0x08000ae2   0x00000008   Data   RO          634    .constdata          system_stm32f1xx.o
    0x08000aea   0x08000aea   0x00000002   PAD
    0x08000aec   0x08000aec   0x00000020   Data   RO         1037    Region$$Table       anon$$obj.o


    Execution Region RW_IRAM1 (Exec base: 0x20000000, Load base: 0x08000b0c, Size: 0x00000478, Max: 0x00005000, ABSOLUTE)

    Exec Addr    Load Addr    Size         Type   Attr      Idx    E Section Name        Object

    0x20000000   0x08000b0c   0x0000000c   Data   RW          157    .data               stm32f1xx_it.o
    0x2000000c   0x08000b18   0x00000004   Data   RW          635    .data               system_stm32f1xx.o
    0x20000010   0x08000b1c   0x00000004   Data   RW          729    .data               mc_w.l(stdout.o)
    0x20000014        -       0x00000064   Zero   RW          156    .bss                stm32f1xx_it.o
    0x20000078        -       0x00000400   Zero   RW            1    STACK               startup_stm32f103xb.o


==============================================================================

Image component sizes


      Code (inc. data)   RO Data    RW Data    ZI Data      Debug   Object Name

       614        128          0          0          0     408204   main.o
        20          4          0          0          0       1828   retarget_io.o
        36          8        236          0       1024        792   startup_stm32f103xb.o
        78         14          0         12        100      25591   stm32f1xx_it.o
       240          0          0          0          0      10339   stm32f1xx_ll_gpio.o
       212         48          0          0          0      13291   stm32f1xx_ll_rcc.o
       228         14          0          0          0      14940   stm32f1xx_ll_usart.o
        68          6          0          0          0       5721   stm32f1xx_ll_utils.o
         2          0         24          4          0       1083   system_stm32f1xx.o

    ----------------------------------------------------------------------
      1508        222        294         16       1124     481789   Object Totals
         0          0         32          0          0          0   (incl. Generated)
        10          0          2          0          0          0   (incl. Padding)

    ----------------------------------------------------------------------

      Code (inc. data)   RO Data    RW Data    ZI Data      Debug   Library Member Name

         0          0          0          0          0          0   entry.o
         0          0          0          0          0          0   entry10a.o
         0          0          0          0          0          0   entry11a.o
         4          0          0          0          0          0   entry12b.o
         8          4          0          0          0          0   entry2.o
         4          0          0          0          0          0   entry5.o
         0          0          0          0          0          0   entry7b.o
         0          0          0          0          0          0   entry8b.o
         8          4          0          0          0          0   entry9a.o
        30          0          0          0          0          0   handlers.o
        36          8          0          0          0         68   init.o
        30          0          0          0          0         68   llshl.o
        32          0          0          0          0         68   llushr.o
        36          0          0          0          0        108   memseta.o
       736         54          0          0          0        184   printf5.o
         0          0          0          4          0          0   stdout.o
        98          0          0          0          0         92   uldiv.o

    ----------------------------------------------------------------------
      1026         70          0          4          0        588   Library Totals
         4          0          0          0          0          0   (incl. Padding)

    ----------------------------------------------------------------------

      Code (inc. data)   RO Data    RW Data    ZI Data      Debug   Library Name

      1022         70          0          4          0        588   mc_w.l

    ----------------------------------------------------------------------
      1026         70          0          4          0        588   Library Totals

    ----------------------------------------------------------------------

==============================================================================


      Code (inc. data)   RO Data    RW Data    ZI Data      Debug   

      2534        292        294         20       1124     481021   Grand Totals
      2534        292        294         20       1124     481021   ELF Image Totals
      2534        292        294         20          0          0   ROM Totals

==============================================================================

    Total RO  Size (Code + RO Data)                 2828 (   2.76kB)
    Total RW  Size (RW Data + ZI Data)              1144 (   1.12kB)
    Total ROM Size (Code + RO Data + RW Data)       2848 (   2.78kB)

==============================================================================

